[CONFIG] num_seeds=1, num_ues=9, preset=final_alpha_full
[CONFIG] timesteps_training=600000
[CONFIG] BANDWIDTH_MHZ=90, SCS_KHZ=30.0, NUM_RBG=245
[RUN] Using run_dir = /home/diegolopes/FMR_inaction/runs/2026_08_26_153744_constructor
[SEEDS] Reusing seeds from /home/diegolopes/FMR_inaction/runs/seeds_main.json (found 30)
[META] Saved batch meta to /home/diegolopes/FMR_inaction/runs/2026_08_26_153744_constructor/meta/constructor_meta.json

[SCENARIO] FMR_inact_alpha_full_penalty | alpha_mode=in_action | jain_mode=rbg_win | tau=0.65 | num_ues=9 | seed=211382627
  [TRAIN] total_timesteps=600000, seed=211382627
  [TRAIN] Model saved to /home/diegolopes/FMR_inaction/runs/2026_08_26_153744_constructor/train/FMR_inact_alpha_full_penalty_U9_S211382627/model.zip
  [EXPORT] Model exported to /home/diegolopes/FMR_inaction/modelos_alpha_full/model_90.zip

  [DEBUG ALPHA] Checking deterministic alpha after training
  [DEBUG ALPHA] step=0 alpha=0.466937 jain=0.988212 eff=0.609321
  [DEBUG ALPHA] step=1 alpha=0.992392 jain=0.991739 eff=0.448961
  [DEBUG ALPHA] step=2 alpha=0.997403 jain=0.994697 eff=0.426013
  [DEBUG ALPHA] step=3 alpha=0.998381 jain=0.994697 eff=0.303665
  [DEBUG ALPHA] step=4 alpha=0.993215 jain=0.993216 eff=0.330490
  [DEBUG ALPHA] step=5 alpha=0.997106 jain=0.992625 eff=0.494928
  [DEBUG ALPHA] step=6 alpha=0.996185 jain=0.989385 eff=0.483000
  [DEBUG ALPHA] step=7 alpha=0.982452 jain=0.985875 eff=0.728412
  [DEBUG ALPHA] step=8 alpha=0.984832 jain=0.987334 eff=0.621056
  [DEBUG ALPHA] step=9 alpha=0.985378 jain=0.985875 eff=0.666821
  [DEBUG ALPHA] step=10 alpha=0.980494 jain=0.985584 eff=0.621208
  [DEBUG ALPHA] step=11 alpha=0.977086 jain=0.987627 eff=0.585085
  [DEBUG ALPHA] step=12 alpha=0.976884 jain=0.988505 eff=0.532782
  [DEBUG ALPHA] step=13 alpha=0.975058 jain=0.989092 eff=0.583080
  [DEBUG ALPHA] step=14 alpha=0.980072 jain=0.988505 eff=0.649195
  [DEBUG ALPHA] step=15 alpha=0.987702 jain=0.990855 eff=0.662414
  [DEBUG ALPHA] step=16 alpha=0.997437 jain=0.995291 eff=0.507406
  [DEBUG ALPHA] step=17 alpha=0.997513 jain=0.994401 eff=0.503400
  [DEBUG ALPHA] step=18 alpha=0.997218 jain=0.993512 eff=0.544091
  [DEBUG ALPHA] step=19 alpha=0.997314 jain=0.992329 eff=0.652848
  [SIM] Running simulation and saving CSVs
       RBG -> /home/diegolopes/FMR_inaction/runs/2026_08_26_153744_constructor/sim/rbg_FMR_inact_alpha_full_penalty_U9_S211382627.csv
       THR -> /home/diegolopes/FMR_inaction/runs/2026_08_26_153744_constructor/sim/throughput_FMR_inact_alpha_full_penalty_U9_S211382627.csv
[BASELINES] Skipped

[DONE] Constructor batch finished
