[CONFIG] num_seeds=1, num_ues=9, preset=final_alpha_full
[CONFIG] timesteps_training=600000
[CONFIG] BANDWIDTH_MHZ=40, SCS_KHZ=30.0, NUM_RBG=106
[RUN] Using run_dir = /home/diegolopes/FMR_inaction/runs/2026_08_26_143635_constructor
[SEEDS] Reusing seeds from /home/diegolopes/FMR_inaction/runs/seeds_main.json (found 30)
[META] Saved batch meta to /home/diegolopes/FMR_inaction/runs/2026_08_26_143635_constructor/meta/constructor_meta.json

[SCENARIO] FMR_inact_alpha_full_penalty | alpha_mode=in_action | jain_mode=rbg_win | tau=0.65 | num_ues=9 | seed=211382627
  [TRAIN] total_timesteps=600000, seed=211382627
  [TRAIN] Model saved to /home/diegolopes/FMR_inaction/runs/2026_08_26_143635_constructor/train/FMR_inact_alpha_full_penalty_U9_S211382627/model.zip
  [EXPORT] Model exported to /home/diegolopes/FMR_inaction/modelos_alpha_full/model_40.zip

  [DEBUG ALPHA] Checking deterministic alpha after training
  [DEBUG ALPHA] step=0 alpha=0.377673 jain=0.990829 eff=0.610451
  [DEBUG ALPHA] step=1 alpha=0.987061 jain=0.990829 eff=0.445419
  [DEBUG ALPHA] step=2 alpha=0.997369 jain=0.993984 eff=0.431573
  [DEBUG ALPHA] step=3 alpha=0.997874 jain=0.997160 eff=0.311831
  [DEBUG ALPHA] step=4 alpha=0.992025 jain=0.995570 eff=0.334710
  [DEBUG ALPHA] step=5 alpha=0.997384 jain=0.986133 eff=0.499045
  [DEBUG ALPHA] step=6 alpha=0.996583 jain=0.987693 eff=0.487535
  [DEBUG ALPHA] step=7 alpha=0.962740 jain=0.987693 eff=0.716864
  [DEBUG ALPHA] step=8 alpha=0.969401 jain=0.987693 eff=0.616680
  [DEBUG ALPHA] step=9 alpha=0.966622 jain=0.987693 eff=0.663105
  [DEBUG ALPHA] step=10 alpha=0.956748 jain=0.987693 eff=0.616471
  [DEBUG ALPHA] step=11 alpha=0.948229 jain=0.986133 eff=0.581943
  [DEBUG ALPHA] step=12 alpha=0.948169 jain=0.989259 eff=0.528707
  [DEBUG ALPHA] step=13 alpha=0.938103 jain=0.990829 eff=0.582601
  [DEBUG ALPHA] step=14 alpha=0.935606 jain=0.990829 eff=0.648249
  [DEBUG ALPHA] step=15 alpha=0.961749 jain=0.993984 eff=0.661835
  [DEBUG ALPHA] step=16 alpha=0.996106 jain=0.993984 eff=0.506104
  [DEBUG ALPHA] step=17 alpha=0.996622 jain=0.993984 eff=0.507317
  [DEBUG ALPHA] step=18 alpha=0.996180 jain=0.993984 eff=0.551038
  [DEBUG ALPHA] step=19 alpha=0.996485 jain=0.990829 eff=0.650276
  [SIM] Running simulation and saving CSVs
       RBG -> /home/diegolopes/FMR_inaction/runs/2026_08_26_143635_constructor/sim/rbg_FMR_inact_alpha_full_penalty_U9_S211382627.csv
       THR -> /home/diegolopes/FMR_inaction/runs/2026_08_26_143635_constructor/sim/throughput_FMR_inact_alpha_full_penalty_U9_S211382627.csv
[BASELINES] Skipped

[DONE] Constructor batch finished
