[CONFIG] num_seeds=1, num_ues=9, preset=final_alpha_full
[CONFIG] timesteps_training=600000
[CONFIG] BANDWIDTH_MHZ=15, SCS_KHZ=30.0, NUM_RBG=38
[RUN] Using run_dir = /home/diegolopes/FMR_inaction/runs/2026_08_26_134739_constructor
[SEEDS] Reusing seeds from /home/diegolopes/FMR_inaction/runs/seeds_main.json (found 30)
[META] Saved batch meta to /home/diegolopes/FMR_inaction/runs/2026_08_26_134739_constructor/meta/constructor_meta.json

[SCENARIO] FMR_inact_alpha_full_penalty | alpha_mode=in_action | jain_mode=rbg_win | tau=0.65 | num_ues=9 | seed=211382627
  [TRAIN] total_timesteps=600000, seed=211382627
  [TRAIN] Model saved to /home/diegolopes/FMR_inaction/runs/2026_08_26_134739_constructor/train/FMR_inact_alpha_full_penalty_U9_S211382627/model.zip
  [EXPORT] Model exported to /home/diegolopes/FMR_inaction/modelos_alpha_full/model_15.zip

  [DEBUG ALPHA] Checking deterministic alpha after training
  [DEBUG ALPHA] step=0 alpha=0.129744 jain=0.978320 eff=0.599997
  [DEBUG ALPHA] step=1 alpha=0.935341 jain=0.978320 eff=0.439480
  [DEBUG ALPHA] step=2 alpha=0.996601 jain=0.966533 eff=0.399763
  [DEBUG ALPHA] step=3 alpha=0.998789 jain=0.978320 eff=0.283899
  [DEBUG ALPHA] step=4 alpha=0.988930 jain=0.978320 eff=0.311554
  [DEBUG ALPHA] step=5 alpha=0.991916 jain=0.978320 eff=0.478027
  [DEBUG ALPHA] step=6 alpha=0.986445 jain=0.966533 eff=0.452428
  [DEBUG ALPHA] step=7 alpha=0.918123 jain=0.978320 eff=0.710619
  [DEBUG ALPHA] step=8 alpha=0.924053 jain=0.978320 eff=0.627505
  [DEBUG ALPHA] step=9 alpha=0.933094 jain=0.978320 eff=0.657055
  [DEBUG ALPHA] step=10 alpha=0.916032 jain=0.978320 eff=0.610694
  [DEBUG ALPHA] step=11 alpha=0.928144 jain=0.978320 eff=0.584988
  [DEBUG ALPHA] step=12 alpha=0.936162 jain=0.978320 eff=0.535872
  [DEBUG ALPHA] step=13 alpha=0.924419 jain=0.978320 eff=0.593121
  [DEBUG ALPHA] step=14 alpha=0.933332 jain=0.978320 eff=0.637435
  [DEBUG ALPHA] step=15 alpha=0.953228 jain=0.978320 eff=0.634146
  [DEBUG ALPHA] step=16 alpha=0.995493 jain=0.990398 eff=0.490341
  [DEBUG ALPHA] step=17 alpha=0.994788 jain=0.990398 eff=0.487265
  [DEBUG ALPHA] step=18 alpha=0.994796 jain=0.990398 eff=0.526168
  [DEBUG ALPHA] step=19 alpha=0.992262 jain=0.990398 eff=0.631026
  [SIM] Running simulation and saving CSVs
       RBG -> /home/diegolopes/FMR_inaction/runs/2026_08_26_134739_constructor/sim/rbg_FMR_inact_alpha_full_penalty_U9_S211382627.csv
       THR -> /home/diegolopes/FMR_inaction/runs/2026_08_26_134739_constructor/sim/throughput_FMR_inact_alpha_full_penalty_U9_S211382627.csv
[BASELINES] Skipped

[DONE] Constructor batch finished
